
> club-agility@0.0.0 test
> ng test

[33m>[39m Building...
[32mÔêÜ[39m Building...
[1mInitial chunk files[22m                                                             [2m | [22m[1mNames[22m                                                                        [2m | [22m [1mRaw size[22m
[32mspec-app-components-explorar-salud-deportiva-salud-deportiva.js[39m                 [2m | [22m[2mspec-app-components-explorar-salud-deportiva-salud-deportiva[22m                 [2m | [22m[36m150.24 kB[39m[2m | [22m
[32mspec-app-components-galeria-videos-publica-galeria-videos-publica.component.js[39m  [2m | [22m[2mspec-app-components-galeria-videos-publica-galeria-videos-publica.component[22m  [2m | [22m [36m81.96 kB[39m[2m | [22m
[32mspec-app-components-perfil-perfil.js[39m                                            [2m | [22m[2mspec-app-components-perfil-perfil[22m                                            [2m | [22m [36m66.53 kB[39m[2m | [22m
[32mspec-app-components-galeria-galeria.component.js[39m                                [2m | [22m[2mspec-app-components-galeria-galeria.component[22m                                [2m | [22m [36m44.40 kB[39m[2m | [22m
[32mspec-app-components-home-home.component.js[39m                                      [2m | [22m[2mspec-app-components-home-home.component[22m                                      [2m | [22m [36m42.18 kB[39m[2m | [22m
[32mspec-app-components-mis-reservas-mis-reservas.component.js[39m                      [2m | [22m[2mspec-app-components-mis-reservas-mis-reservas.component[22m                      [2m | [22m [36m35.87 kB[39m[2m | [22m
[32mspec-app-components-gestionar-perros-dog-dashboard-dog-dashboard.component.js[39m   [2m | [22m[2mspec-app-components-gestionar-perros-dog-dashboard-dog-dashboard.component[22m   [2m | [22m [36m31.71 kB[39m[2m | [22m
[32mspec-app-components-gestionar-perros-tabs-dog-training-dog-training.component.js[39m[2m | [22m[2mspec-app-components-gestionar-perros-tabs-dog-training-dog-training.component[22m[2m | [22m [36m30.21 kB[39m[2m | [22m
[32mspec-app-components-gestionar-perros-tabs-dog-settings-dog-settings.component.js[39m[2m | [22m[2mspec-app-components-gestionar-perros-tabs-dog-settings-dog-settings.component[22m[2m | [22m [36m28.41 kB[39m[2m | [22m
[32mspec-app-components-gestionar-perros-dog-form-dog-form.component.js[39m             [2m | [22m[2mspec-app-components-gestionar-perros-dog-form-dog-form.component[22m             [2m | [22m [36m28.34 kB[39m[2m | [22m
[32mspec-app-components-contacto-contacto.component.js[39m                              [2m | [22m[2mspec-app-components-contacto-contacto.component[22m                              [2m | [22m [36m27.56 kB[39m[2m | [22m
[32mspec-app-components-gestionar-perros-tabs-dog-docs-dog-docs.component.js[39m        [2m | [22m[2mspec-app-components-gestionar-perros-tabs-dog-docs-dog-docs.component[22m        [2m | [22m [36m22.74 kB[39m[2m | [22m
[32mspec-app-components-gestionar-perros-tabs-dog-family-dog-family.component.js[39m    [2m | [22m[2mspec-app-components-gestionar-perros-tabs-dog-family-dog-family.component[22m    [2m | [22m [36m22.66 kB[39m[2m | [22m
[32mspec-app-components-gestionar-perros-tabs-dog-summary-dog-summary.component.js[39m  [2m | [22m[2mspec-app-components-gestionar-perros-tabs-dog-summary-dog-summary.component[22m  [2m | [22m [36m18.53 kB[39m[2m | [22m
[32mchunk-UXNNOTKH.js[39m                                                               [2m | [22m[2m-[22m                                                                            [2m | [22m [36m17.82 kB[39m[2m | [22m
[32mspec-app-components-reset-password-reset-password.js[39m                            [2m | [22m[2mspec-app-components-reset-password-reset-password[22m                            [2m | [22m [36m16.54 kB[39m[2m | [22m
[32mstyles.css[39m                                                                      [2m | [22m[2mstyles[22m                                                                       [2m | [22m  [36m9.42 kB[39m[2m | [22m
[32mspec-app-components-gestionar-perros-tabs-dog-health-dog-health.component.js[39m    [2m | [22m[2mspec-app-components-gestionar-perros-tabs-dog-health-dog-health.component[22m    [2m | [22m  [36m8.46 kB[39m[2m | [22m
[32mchunk-2ZWFHHE5.js[39m                                                               [2m | [22m[2m-[22m                                                                            [2m | [22m  [36m6.58 kB[39m[2m | [22m
[32mchunk-KY7IAYF4.js[39m                                                               [2m | [22m[2m-[22m                                                                            [2m | [22m  [36m5.58 kB[39m[2m | [22m
[32mchunk-ZFTNXSIF.js[39m                                                               [2m | [22m[2m-[22m                                                                            [2m | [22m  [36m5.33 kB[39m[2m | [22m
[32mchunk-RSTWSNOR.js[39m                                                               [2m | [22m[2m-[22m                                                                            [2m | [22m  [36m4.75 kB[39m[2m | [22m
[32mchunk-VCY3NBUZ.js[39m                                                               [2m | [22m[2m-[22m                                                                            [2m | [22m  [36m3.13 kB[39m[2m | [22m
[32mspec-app-components-explorar-salud-deportiva-workload-gauge-workload-gauge.js[39m   [2m | [22m[2mspec-app-components-explorar-salud-deportiva-workload-gauge-workload-gauge[22m   [2m | [22m  [36m2.70 kB[39m[2m | [22m
[32mspec-app-services-auth.service.js[39m                                               [2m | [22m[2mspec-app-services-auth.service[22m                                               [2m | [22m  [36m2.58 kB[39m[2m | [22m
[32mchunk-QPL4TRHP.js[39m                                                               [2m | [22m[2m-[22m                                                                            [2m | [22m  [36m2.40 kB[39m[2m | [22m
[32mchunk-3NPGRKQH.js[39m                                                               [2m | [22m[2m-[22m                                                                            [2m | [22m  [36m1.72 kB[39m[2m | [22m
[32mchunk-B2GFCU26.js[39m                                                               [2m | [22m[2m-[22m                                                                            [2m | [22m  [36m1.52 kB[39m[2m | [22m
[32minit-testbed.js[39m                                                                 [2m | [22m[2minit-testbed[22m                                                                 [2m | [22m  [36m1.21 kB[39m[2m | [22m

[1m [22m                                                                               [2m | [22m[1mInitial total[22m                                                                [2m | [22m[1m721.11 kB[22m

Application bundle generation complete. [2.725 seconds] - 2026-04-29T23:30:51.499Z


[1m[46m RUN [49m[22m [36mv4.0.18 [39m[90mC:/Users/Usuario/Desktop/AgilityAsturiass/frontend[39m

 [32mÔ£ô[39m [30m[43m ClubAgility [49m[39m src/app/components/reset-password/reset-password.spec.ts [2m([22m[2m6 tests[22m[2m)[22m[32m 193[2mms[22m[39m
 [31mÔØ»[39m [30m[43m ClubAgility [49m[39m src/app/components/gestionar-perros/tabs/dog-summary/dog-summary.component.spec.ts [2m([22m[2m5 tests[22m[2m | [22m[31m1 failed[39m[2m)[22m[33m 333[2mms[22m[39m
     [32mÔ£ô[39m debe crearse correctamente[32m 207[2mms[22m[39m
     [32mÔ£ô[39m debe inicializar el formulario con los datos del perro[32m 28[2mms[22m[39m
     [32mÔ£ô[39m debe calcular correctamente el progreso del perfil[32m 26[2mms[22m[39m
     [32mÔ£ô[39m debe guardar los cambios correctamente[32m 32[2mms[22m[39m
[31m     [31m├ù[31m no debe guardar si el nombre est├í vac├¡o[39m[32m 38[2mms[22m[39m
 [32mÔ£ô[39m [30m[43m ClubAgility [49m[39m src/app/components/mis-reservas/mis-reservas.component.spec.ts [2m([22m[2m4 tests[22m[2m)[22m[32m 14[2mms[22m[39m
npm.cmd : [90mstderr[2m | src/app/components/explorar/salud-deportiva/workload-gauge/workload-gauge.spec.ts[2m > 
[22m[2mWorkloadGaugeComponent[2m > [22m[2mdebe advertir sobre sobrecarga aguda (Zona de Fatiga)
En línea: 1 Carácter: 1
+ npm.cmd run test > vitest_output.txt 2>&1
+ ~~~~~~~~~~~~~~~~~~~~~~~~~~~~~~~~~~~~~~~~~
    + CategoryInfo          : NotSpecified: ([90mstderr[2m...Zona de Fatiga):String) [], RemoteException
    + FullyQualifiedErrorId : NativeCommandError
 
[22m[39mError during cleanup of component {
  component: _WorkloadGaugeComponent {
    acwrData: [Function: inputValueFn] {
      toString: [36m[Function (anonymous)][39m,
      [[32mSymbol(SIGNAL)[39m]: [36m[Object][39m
    },
    dogName: [Function: inputValueFn] {
      toString: [36m[Function (anonymous)][39m,
      [[32mSymbol(SIGNAL)[39m]: [36m[Object][39m
    },
    transparentMode: [Function: inputValueFn] {
      toString: [36m[Function (anonymous)][39m,
      [[32mSymbol(SIGNAL)[39m]: [36m[Object][39m
    },
    chartOptions: [Function: getter] {
      toString: [36m[Function (anonymous)][39m,
      set: [36m[Function: set][39m,
      update: [36m[Function: update][39m,
      asReadonly: [36m[Function: bound signalAsReadonlyFn][39m,
      [[32mSymbol(SIGNAL)[39m]: [36m[Object][39m
    },
    rotation: [33m0[39m,
    statusText: [32m'ÔÜá´©Å ZONA DE FATIGA'[39m,
    statusClass: [32m'text-warning'[39m,
    statusDescription: [32m'Incremento inusual de fatiga detectado respecto al hist├│rico de las ├║ltimas 4 
semanas.'[39m,
    confidenceText: [32m'Fiabilidad: Alta (Gold Standard)'[39m,
    confidenceClass: [32m'badge-gold'[39m,
    yellowAngle: [33m117[39m,
    redAngle: [33m135[39m,
    __ngContext__: [33m3[39m
  },
  stacktrace: TypeError: this.chart.isDisposed is not a function
      at NgxEchartsDirective.dispose [90m(file:///C:/Users/Usuario/Desktop/AgilityAsturiass/frontend/[39mnode_modules
/[4mngx-echarts[24m/fesm2022/ngx-echarts.mjs:177:29[90m)[39m
      at NgxEchartsDirective.ngOnDestroy [90m(file:///C:/Users/Usuario/Desktop/AgilityAsturiass/frontend/[39mnode_mod
ules/[4mngx-echarts[24m/fesm2022/ngx-echarts.mjs:170:14[90m)[39m
      at executeOnDestroys [90m(file:///C:/Users/Usuario/Desktop/AgilityAsturiass/frontend/[39mnode_modules/[4m@angu
lar/core[24m/fesm2022/_debug_node-chunk.mjs:4596:20[90m)[39m
      at cleanUpView [90m(file:///C:/Users/Usuario/Desktop/AgilityAsturiass/frontend/[39mnode_modules/[4m@angular/co
re[24m/fesm2022/_debug_node-chunk.mjs:4474:5[90m)[39m
      at destroyViewTree [90m(file:///C:/Users/Usuario/Desktop/AgilityAsturiass/frontend/[39mnode_modules/[4m@angula
r/core[24m/fesm2022/_debug_node-chunk.mjs:4435:11[90m)[39m
      at destroyLView [90m(file:///C:/Users/Usuario/Desktop/AgilityAsturiass/frontend/[39mnode_modules/[4m@angular/c
ore[24m/fesm2022/_debug_node-chunk.mjs:4463:3[90m)[39m
      at ViewRef.destroy [90m(file:///C:/Users/Usuario/Desktop/AgilityAsturiass/frontend/[39mnode_modules/[4m@angula
r/core[24m/fesm2022/_debug_node-chunk.mjs:5867:5[90m)[39m
      at ComponentRef.destroy [90m(file:///C:/Users/Usuario/Desktop/AgilityAsturiass/frontend/[39mnode_modules/[4m@a
ngular/core[24m/fesm2022/_debug_node-chunk.mjs:8433:19[90m)[39m
      at ComponentFixture.destroy [90m(file:///C:/Users/Usuario/Desktop/AgilityAsturiass/frontend/[39mnode_modules/[
4m@angular/core[24m/fesm2022/testing.mjs:284:25[90m)[39m
      at [90mfile:///C:/Users/Usuario/Desktop/AgilityAsturiass/frontend/[39mnode_modules/[4m@angular/core[24m/fesm2
022/testing.mjs:1511:17
}

 [32mÔ£ô[39m [30m[43m ClubAgility [49m[39m src/app/services/auth.service.spec.ts [2m([22m[2m2 tests[22m[2m)[22m[32m 13[2mms[22m[39m
 [32mÔ£ô[39m [30m[43m ClubAgility [49m[39m src/app/components/gestionar-perros/dog-dashboard/dog-dashboard.component.spec.ts [2m([22m[2m5 tests[22m[2m)[22m[33m 412[2mms[22m[39m
[90mstderr[2m | src/app/components/explorar/salud-deportiva/workload-gauge/workload-gauge.spec.ts[2m > 
[22m[2mWorkloadGaugeComponent[2m > [22m[2mdebe mostrar la fase de calibraci├│n si faltan datos
[22m[39mError during cleanup of component {
  component: _WorkloadGaugeComponent {
    acwrData: [Function: inputValueFn] {
      toString: [36m[Function (anonymous)][39m,
      [[32mSymbol(SIGNAL)[39m]: [36m[Object][39m
    },
    dogName: [Function: inputValueFn] {
      toString: [36m[Function (anonymous)][39m,
      [[32mSymbol(SIGNAL)[39m]: [36m[Object][39m
    },
    transparentMode: [Function: inputValueFn] {
      toString: [36m[Function (anonymous)][39m,
      [[32mSymbol(SIGNAL)[39m]: [36m[Object][39m
    },
    chartOptions: [Function: getter] {
      toString: [36m[Function (anonymous)][39m,
      set: [36m[Function: set][39m,
      update: [36m[Function: update][39m,
      asReadonly: [36m[Function: bound signalAsReadonlyFn][39m,
      [[32mSymbol(SIGNAL)[39m]: [36m[Object][39m
    },
    rotation: [33m0[39m,
    statusText: [32m'­ƒö¼ FASE DE CALIBRACI├ôN'[39m,
    statusClass: [32m'text-calibrating'[39m,
    statusDescription: [32m'La br├║jula est├í aprendiendo el metabolismo de Tu compa├▒ero. Registra entrenamientos 
durante 9 d├¡as m├ís para establecer su perfil base y desbloquear la telemetr├¡a a color.'[39m,
    confidenceText: [32m'Fiabilidad: Baja (Calibrando)'[39m,
    confidenceClass: [32m'badge-calibrating'[39m,
    yellowAngle: [33m117[39m,
    redAngle: [33m135[39m,
    __ngContext__: [33m6[39m
  },
  stacktrace: TypeError: this.chart.isDisposed is not a function
      at NgxEchartsDirective.dispose [90m(file:///C:/Users/Usuario/Desktop/AgilityAsturiass/frontend/[39mnode_modules
/[4mngx-echarts[24m/fesm2022/ngx-echarts.mjs:177:29[90m)[39m
      at NgxEchartsDirective.ngOnDestroy [90m(file:///C:/Users/Usuario/Desktop/AgilityAsturiass/frontend/[39mnode_mod
ules/[4mngx-echarts[24m/fesm2022/ngx-echarts.mjs:170:14[90m)[39m
      at executeOnDestroys [90m(file:///C:/Users/Usuario/Desktop/AgilityAsturiass/frontend/[39mnode_modules/[4m@angu
lar/core[24m/fesm2022/_debug_node-chunk.mjs:4596:20[90m)[39m
      at cleanUpView [90m(file:///C:/Users/Usuario/Desktop/AgilityAsturiass/frontend/[39mnode_modules/[4m@angular/co
re[24m/fesm2022/_debug_node-chunk.mjs:4474:5[90m)[39m
      at destroyViewTree [90m(file:///C:/Users/Usuario/Desktop/AgilityAsturiass/frontend/[39mnode_modules/[4m@angula
r/core[24m/fesm2022/_debug_node-chunk.mjs:4435:11[90m)[39m
      at destroyLView [90m(file:///C:/Users/Usuario/Desktop/AgilityAsturiass/frontend/[39mnode_modules/[4m@angular/c
ore[24m/fesm2022/_debug_node-chunk.mjs:4463:3[90m)[39m
      at ViewRef.destroy [90m(file:///C:/Users/Usuario/Desktop/AgilityAsturiass/frontend/[39mnode_modules/[4m@angula
r/core[24m/fesm2022/_debug_node-chunk.mjs:5867:5[90m)[39m
      at ComponentRef.destroy [90m(file:///C:/Users/Usuario/Desktop/AgilityAsturiass/frontend/[39mnode_modules/[4m@a
ngular/core[24m/fesm2022/_debug_node-chunk.mjs:8433:19[90m)[39m
      at ComponentFixture.destroy [90m(file:///C:/Users/Usuario/Desktop/AgilityAsturiass/frontend/[39mnode_modules/[
4m@angular/core[24m/fesm2022/testing.mjs:284:25[90m)[39m
      at [90mfile:///C:/Users/Usuario/Desktop/AgilityAsturiass/frontend/[39mnode_modules/[4m@angular/core[24m/fesm2
022/testing.mjs:1511:17
}

 [32mÔ£ô[39m [30m[43m ClubAgility [49m[39m src/app/components/gestionar-perros/tabs/dog-health/dog-health.component.spec.ts [2m([22m[2m3 tests[22m[2m)[22m[32m 36[2mms[22m[39m
[90mstderr[2m | src/app/components/perfil/perfil.spec.ts[2m > [22m[2mPerfil Component[2m > [22m[2mshould 
render user data
[22m[39mThe 'allowSignalWrites' flag is deprecated and no longer impacts effect() (writes are always allowed)

 [31mÔØ»[39m [30m[43m ClubAgility [49m[39m src/app/components/explorar/salud-deportiva/workload-gauge/workload-gauge.spec.ts [2m([22m[2m3 tests[22m[2m | [22m[31m2 failed[39m[2m)[22m[33m 488[2mms[22m[39m
     [32mÔ£ô[39m debe calcular el estado ├│ptimo correctamente en Fase 3[32m 183[2mms[22m[39m
[31m     [31m├ù[31m debe advertir sobre sobrecarga aguda (Zona de Fatiga)[39m[32m 260[2mms[22m[39m
[31m     [31m├ù[31m debe mostrar la fase de calibraci├│n si faltan datos[39m[32m 43[2mms[22m[39m
[90mstderr[2m | src/app/components/perfil/perfil.spec.ts[2m > [22m[2mPerfil Component[2m > [22m[2mshould allow 
editing and saving name
[22m[39mThe 'allowSignalWrites' flag is deprecated and no longer impacts effect() (writes are always allowed)

 [32mÔ£ô[39m [30m[43m ClubAgility [49m[39m src/app/components/gestionar-perros/tabs/dog-docs/dog-docs.component.spec.ts [2m([22m[2m4 tests[22m[2m)[22m[33m 502[2mms[22m[39m
     [33m[2mÔ£ô[22m[39m should create and initialize with dog data [33m 302[2mms[22m[39m
 [32mÔ£ô[39m [30m[43m ClubAgility [49m[39m src/app/components/gestionar-perros/tabs/dog-family/dog-family.component.spec.ts [2m([22m[2m6 tests[22m[2m)[22m[33m 455[2mms[22m[39m
     [33m[2mÔ£ô[22m[39m should create and list co-owners [33m 316[2mms[22m[39m
[90mstderr[2m | src/app/components/gestionar-perros/dog-form/dog-form.component.spec.ts[2m > 
[22m[2mDogFormComponent[2m > [22m[2mshould show error toast if creation fails
[22m[39m{ error: { errors: { name: [36m[Array][39m } } }

 [32mÔ£ô[39m [30m[43m ClubAgility [49m[39m src/app/components/gestionar-perros/dog-form/dog-form.component.spec.ts [2m([22m[2m5 tests[22m[2m)[22m[33m 453[2mms[22m[39m
     [33m[2mÔ£ô[22m[39m should create the component [33m 328[2mms[22m[39m
 [32mÔ£ô[39m [30m[43m ClubAgility [49m[39m src/app/components/gestionar-perros/tabs/dog-settings/dog-settings.component.spec.ts [2m([22m[2m6 tests[22m[2m)[22m[33m 440[2mms[22m[39m
     [33m[2mÔ£ô[22m[39m debe crearse correctamente [33m 336[2mms[22m[39m
[90mstderr[2m | src/app/components/gestionar-perros/tabs/dog-training/dog-training.component.spec.ts[2m > 
[22m[2mDogTrainingComponent[2m > [22m[2mdebe manejar errores al guardar los datos deportivos
[22m[39mError: Network error
    at C:/Users/Usuario/Desktop/AgilityAsturiass/frontend/src/app/components/gestionar-perros/tabs/dog-training/dog-tra
ining.component.spec.ts:109:52
 [31mÔØ»[39m [30m[43m ClubAgility [49m[39m src/app/components/gestionar-perros/tabs/dog-training/dog-training.component.spec.ts [2m([22m[2m6 tests[22m[2m | [22m[31m1 failed[39m[2m)[22m[33m 549[2mms[22m[39m
    at [90mfile:///C:/Users/Usuario/Desktop/AgilityAsturiass/frontend/[39mnode_modules/[4m@vitest/runner[24m/dist/i
ndex.js:145:11
    at [90mfile:///C:/Users/Usuario/Desktop/AgilityAsturiass/frontend/[39mnode_modules/[4m@vitest/runner[24m/dist/i
ndex.js:915:26
    at [90mfile:///C:/Users/Usuario/Desktop/AgilityAsturiass/frontend/[39mnode_modules/[4m@vitest/runner[24m/dist/i
ndex.js:1243:20
    at new Promise (<anonymous>)
    at runWithTimeout [90m(file:///C:/Users/Usuario/Desktop/AgilityAsturiass/frontend/[39mnode_modules/[4m@vitest/ru
nner[24m/dist/index.js:1209:10[90m)[39m
     [32mÔ£ô[39m debe crearse correctamente[32m 263[2mms[22m[39m
     [32mÔ£ô[39m debe inicializar el formulario con los datos biom├®tricos del perro[32m 33[2mms[22m[39m
     [32mÔ£ô[39m debe calcular correctamente la fecha de esterilizaci├│n al inicializar si existe[32m 56[2mms[22m[39m
     [32mÔ£ô[39m debe autocalcular la categor├¡a RSCE basada en la altura antes de guardar[32m 76[2mms[22m[39m
[31m     [31m├ù[31m debe calcular la fecha de esterilizaci├│n correctamente para enviar al backend[39m[32m 95[2mms[22m[39m
     [32mÔ£ô[39m debe manejar errores al guardar los datos deportivos[32m 25[2mms[22m[39m
    at [90mfile:///C:/Users/Usuario/Desktop/AgilityAsturiass/frontend/[39mnode_modules/[4m@vitest/runner[24m/dist/i
ndex.js:1653:37
    at Traces.$ [90m(file:///C:/Users/Usuario/Desktop/AgilityAsturiass/frontend/[39mnode_modules/[4mvitest[24m/dist
/chunks/traces.CCmnQaNT.js:142:27[90m)[39m
    at trace [90m(file:///C:/Users/Usuario/Desktop/AgilityAsturiass/frontend/[39mnode_modules/[4mvitest[24m/dist/ch
unks/test.B8ej_ZHS.js:239:21[90m)[39m
    at runTest [90m(file:///C:/Users/Usuario/Desktop/AgilityAsturiass/frontend/[39mnode_modules/[4m@vitest/runner[2
4m/dist/index.js:1653:12[90m)[39m

[90mstderr[2m | src/app/components/perfil/perfil.spec.ts[2m > [22m[2mPerfil Component[2m > [22m[2mshould allow 
editing and saving RFEC data
[22m[39mThe 'allowSignalWrites' flag is deprecated and no longer impacts effect() (writes are always allowed)

 [32mÔ£ô[39m [30m[43m ClubAgility [49m[39m src/app/components/perfil/perfil.spec.ts [2m([22m[2m3 tests[22m[2m)[22m[33m 514[2mms[22m[39m
     [33m[2mÔ£ô[22m[39m should render user data [33m 379[2mms[22m[39m
 [32mÔ£ô[39m [30m[43m ClubAgility [49m[39m src/app/components/contacto/contacto.component.spec.ts [2m([22m[2m5 tests[22m[2m)[22m[33m 653[2mms[22m[39m
     [33m[2mÔ£ô[22m[39m should create [33m 351[2mms[22m[39m
Not implemented: Window's scrollTo() method
 [32mÔ£ô[39m [30m[43m ClubAgility [49m[39m src/app/components/galeria-videos-publica/galeria-videos-publica.component.spec.ts [2m([22m[2m2 tests[22m[2m)[22m[33m 620[2mms[22m[39m
     [33m[2mÔ£ô[22m[39m should create and fetch public videos [33m 560[2mms[22m[39m
 [32mÔ£ô[39m [30m[43m ClubAgility [49m[39m src/app/components/home/home.component.spec.ts [2m([22m[2m3 tests[22m[2m)[22m[33m 647[2mms[22m[39m
     [33m[2mÔ£ô[22m[39m should create [33m 568[2mms[22m[39m
 [32mÔ£ô[39m [30m[43m ClubAgility [49m[39m src/app/components/explorar/salud-deportiva/salud-deportiva.spec.ts [2m([22m[2m4 tests[22m[2m)[22m[33m 667[2mms[22m[39m
     [33m[2mÔ£ô[22m[39m debe cargar los perros del usuario al inicializar [33m 483[2mms[22m[39m
 [32mÔ£ô[39m [30m[43m ClubAgility [49m[39m src/app/components/galeria/galeria.component.spec.ts [2m([22m[2m3 tests[22m[2m)[22m[32m 292[2mms[22m[39m

[31mÔÄ»ÔÄ»ÔÄ»ÔÄ»ÔÄ»ÔÄ»ÔÄ»[39m[1m[41m Failed Tests 4 [49m[22m[31mÔÄ»ÔÄ»ÔÄ»ÔÄ»ÔÄ»ÔÄ»ÔÄ»[39m

[41m[1m FAIL [22m[49m [30m[43m ClubAgility [49m[39m 
src/app/components/explorar/salud-deportiva/workload-gauge/workload-gauge.spec.ts[2m > 
[22mWorkloadGaugeComponent[2m > [22mdebe advertir sobre sobrecarga aguda (Zona de Fatiga)
[41m[1m FAIL [22m[49m [30m[43m ClubAgility [49m[39m 
src/app/components/explorar/salud-deportiva/workload-gauge/workload-gauge.spec.ts[2m > 
[22mWorkloadGaugeComponent[2m > [22mdebe mostrar la fase de calibraci├│n si faltan datos
[31m[1mError[22m: 1 component threw errors during cleanup[39m
[90m [2mÔØ»[22m TestBedImpl.destroyActiveFixtures 
node_modules/@angular/core/fesm2022/testing.mjs:[2m1522:13[22m[39m
[90m [2mÔØ»[22m TestBedImpl.resetTestingModule node_modules/@angular/core/fesm2022/testing.mjs:[2m1362:12[22m[39m
[90m [2mÔØ»[22m node_modules/@angular/core/fesm2022/testing.mjs:[2m2469:15[22m[39m

[31m[2mÔÄ»ÔÄ»ÔÄ»ÔÄ»ÔÄ»ÔÄ»ÔÄ»ÔÄ»ÔÄ»ÔÄ»ÔÄ»ÔÄ»ÔÄ»ÔÄ»ÔÄ»ÔÄ»ÔÄ»ÔÄ»ÔÄ»ÔÄ»ÔÄ»ÔÄ»ÔÄ»ÔÄ»[1/4]ÔÄ»[22m[39m

[41m[1m FAIL [22m[49m [30m[43m ClubAgility [49m[39m 
src/app/components/gestionar-perros/tabs/dog-summary/dog-summary.component.spec.ts[2m > [22mDogSummaryComponent[2m 
> [22mno debe guardar si el nombre est├í vac├¡o
[31m[1mAssertionError[22m: expected "vi.fn()" to not be called at all, but actually been called 1 times[90m

Received: 

[1m  1st vi.fn() call:

[22m    Array [
      1,
      Object {
        "birth_date": "2020-05-15",
        "breed": "Border Collie",
        "id": 1,
        "name": "Toby Junior",
        "photo_url": "http://test.com/photo.jpg",
        "pivot": Object {},
      },
    ]
[31m[90m

Number of calls: [1m1[22m
[31m[39m
[36m [2mÔØ»[22m 
src/app/components/gestionar-perros/tabs/dog-summary/dog-summary.component.spec.ts:[2m84:42[22m[39m
    [90m 82| [39m    [35mawait[39m component[33m.[39m[34msaveChanges[39m()[33m;[39m
    [90m 83| [39m
    [90m 84| [39m    
[34mexpect[39m(mockDogService[33m.[39mupdateDog)[33m.[39mnot[33m.[39m[34mtoHaveBeenCalled[39m()[33m;[39m
    [90m   | [39m                                         [31m^[39m
    [90m 85| [39m    expect(mockToastService.error).toHaveBeenCalledWith('El nombre es ÔÇª
    [90m 86| [39m  })[33m;[39m

[31m[2mÔÄ»ÔÄ»ÔÄ»ÔÄ»ÔÄ»ÔÄ»ÔÄ»ÔÄ»ÔÄ»ÔÄ»ÔÄ»ÔÄ»ÔÄ»ÔÄ»ÔÄ»ÔÄ»ÔÄ»ÔÄ»ÔÄ»ÔÄ»ÔÄ»ÔÄ»ÔÄ»ÔÄ»[2/4]ÔÄ»[22m[39m

[41m[1m FAIL [22m[49m [30m[43m ClubAgility [49m[39m 
src/app/components/gestionar-perros/tabs/dog-training/dog-training.component.spec.ts[2m > 
[22mDogTrainingComponent[2m > [22mdebe calcular la fecha de esterilizaci├│n correctamente para enviar al backend
[31m[1mAssertionError[22m: expected '2021-06-30' to be '2021-07-01' // Object.is equality[39m

Expected: [32m"2021-0[7m7-01[27m"[39m
Received: [31m"2021-0[7m6-30[27m"[39m

[36m [2mÔØ»[22m 
src/app/components/gestionar-perros/tabs/dog-training/dog-training.component.spec.ts:[2m105:20[22m[39m
    [90m103| [39m    // Si naci├│ en 2020-01-01 y se esteriliz├│ con 1 a├▒o y 6 meses: -> ÔÇª
    [90m104| [39m    const result = component.calculateSterilizedDate('2020-01-01T00:00ÔÇª
    [90m105| [39m    [34mexpect[39m(result)[33m.[39m[34mtoBe[39m([32m'2021-07-01'[39m)[33m;[39m
    [90m   | [39m                   [31m^[39m
    [90m106| [39m  })[33m;[39m
    [90m107| [39m

[31m[2mÔÄ»ÔÄ»ÔÄ»ÔÄ»ÔÄ»ÔÄ»ÔÄ»ÔÄ»ÔÄ»ÔÄ»ÔÄ»ÔÄ»ÔÄ»ÔÄ»ÔÄ»ÔÄ»ÔÄ»ÔÄ»ÔÄ»ÔÄ»ÔÄ»ÔÄ»ÔÄ»ÔÄ»[3/4]ÔÄ»[22m[39m


[2m Test Files [22m [1m[31m3 failed[39m[22m[2m | [22m[1m[32m15 passed[39m[22m[90m (18)[39m
[2m      Tests [22m [1m[31m4 failed[39m[22m[2m | [22m[1m[32m71 passed[39m[22m[90m (75)[39m
[2m   Start at [22m 01:30:51
[2m   Duration [22m 3.07s[2m (transform 2.06s, setup 8.35s, import 5.43s, tests 7.28s, environment 20.27s)[22m

